Hello world
/asclab/users/leea3/workshop.RNA-seq/scripts/test
done!
